0 verbose cli D:\Program Files\nodejs\node.exe D:\Program Files\nodejs\node_modules\npm\bin\npm-cli.js
1 info using npm@10.9.2
2 info using node@v22.14.0
3 silly config load:file:D:\Program Files\nodejs\node_modules\npm\npmrc
4 silly config load:file:C:\Users\RightSide\AppData\Local\Microsoft\TypeScript\5.9\.npmrc
5 silly config load:file:C:\Users\RightSide\.npmrc
6 silly config load:file:C:\Users\RightSide\AppData\Roaming\npm\etc\npmrc
7 verbose title npm install types-registry@latest
8 verbose argv "install" "--ignore-scripts" "types-registry@latest"
9 verbose logfile logs-max:10 dir:D:\npm-cache\_logs\2025-11-13T09_13_26_573Z-
10 verbose logfile D:\npm-cache\_logs\2025-11-13T09_13_26_573Z-debug-0.log
11 silly logfile start cleaning logs, removing 1 files
12 silly packumentCache heap:2197815296 maxSize:549453824 maxEntrySize:274726912
13 silly logfile done cleaning log files
14 silly packumentCache corgi:https://registry.npmjs.org/types-registry cache-miss
15 http fetch GET 200 https://registry.npmjs.org/types-registry 164ms (cache revalidated)
16 silly packumentCache corgi:https://registry.npmjs.org/types-registry set size:612042 disposed:false
17 silly idealTree buildDeps
18 silly fetch manifest types-registry@0.1.746
19 silly packumentCache full:https://registry.npmjs.org/types-registry cache-miss
20 http fetch GET 200 https://registry.npmjs.org/types-registry 53ms (cache revalidated)
21 silly packumentCache full:https://registry.npmjs.org/types-registry set size:1311504 disposed:false
22 silly placeDep ROOT types-registry@0.1.746 REPLACE for:  want: 0.1.746
23 silly reify moves {}
24 silly audit bulk request {
24 silly audit   '@babel/runtime': [ '7.28.3' ],
24 silly audit   '@types/bcrypt': [ '6.0.0' ],
24 silly audit   '@types/body-parser': [ '1.19.6' ],
24 silly audit   '@types/connect': [ '3.4.38' ],
24 silly audit   '@types/cookie-parser': [ '1.4.9' ],
24 silly audit   '@types/cors': [ '2.8.19' ],
24 silly audit   '@types/downloadjs': [ '1.4.6' ],
24 silly audit   '@types/express': [ '5.0.5' ],
24 silly audit   '@types/express-serve-static-core': [ '5.0.7' ],
24 silly audit   '@types/express-session': [ '1.18.2' ],
24 silly audit   '@types/file-saver': [ '2.0.7' ],
24 silly audit   '@types/http-errors': [ '2.0.5' ],
24 silly audit   '@types/jsonwebtoken': [ '9.0.10' ],
24 silly audit   '@types/lodash': [ '4.17.20' ],
24 silly audit   '@types/mime': [ '1.3.5' ],
24 silly audit   '@types/ms': [ '2.1.0' ],
24 silly audit   '@types/mysql': [ '2.15.27' ],
24 silly audit   '@types/node': [ '24.2.1' ],
24 silly audit   '@types/object-assign': [ '4.0.33' ],
24 silly audit   '@types/qs': [ '6.14.0' ],
24 silly audit   '@types/range-parser': [ '1.2.7' ],
24 silly audit   '@types/react': [ '19.1.13' ],
24 silly audit   '@types/react-date-range': [ '1.4.10' ],
24 silly audit   '@types/react-dom': [ '19.1.9' ],
24 silly audit   '@types/scheduler': [ '0.26.0' ],
24 silly audit   '@types/send': [ '0.17.5' ],
24 silly audit   '@types/serve-static': [ '1.15.8' ],
24 silly audit   '@types/vary': [ '1.1.3' ],
24 silly audit   csstype: [ '3.1.3' ],
24 silly audit   'date-fns': [ '2.30.0' ],
24 silly audit   'undici-types': [ '7.10.0' ],
24 silly audit   'types-registry': [ '0.1.746' ]
24 silly audit }
25 http fetch POST 200 https://registry.npmjs.org/-/npm/v1/security/advisories/bulk 301ms
26 silly audit report {}
27 verbose cwd C:\Users\RightSide\AppData\Local\Microsoft\TypeScript\5.9
28 verbose os Windows_NT 10.0.22631
29 verbose node v22.14.0
30 verbose npm  v10.9.2
31 verbose exit 0
32 info ok
